09:53:12,101 routes.courses - DEBUG - not valid course schema --> <starlette.responses.JSONResponse object at 0x000001C796654B10>
09:53:51,221 routes.courses - DEBUG - not valid course schema --> <starlette.responses.JSONResponse object at 0x00000241397DCC10>
09:54:46,529 routes.courses - DEBUG - not valid course schema
14:04:42,796 root - ERROR - 1064 (42000): You have an error in your SQL syntax; check the manual that corresponds to your MySQL server version for the right syntax to use near '%s and status = %s' at line 1
14:04:54,799 root - ERROR - 1064 (42000): You have an error in your SQL syntax; check the manual that corresponds to your MySQL server version for the right syntax to use near '%s and status = %s' at line 1
14:21:23,637 root - ERROR - Could not process parameters: int(1), it must be of type list, tuple or dict
14:21:43,436 root - ERROR - Could not process parameters: int(2), it must be of type list, tuple or dict
14:22:43,986 root - ERROR - Could not process parameters: int(2), it must be of type list, tuple or dict
14:23:10,643 root - ERROR - Could not process parameters: int(3), it must be of type list, tuple or dict
14:25:36,839 root - ERROR - Could not process parameters: int(3), it must be of type list, tuple or dict
14:25:49,485 root - ERROR - Could not process parameters: int(3), it must be of type list, tuple or dict
15:06:04,837 routes.courses - DEBUG - not valid course schema
16:04:37,231 routes.courses - DEBUG - not valid delete course schema --> 403
16:06:49,180 routes.courses - DEBUG - not valid delete course schema --> <starlette.responses.JSONResponse object at 0x0000028E77561750>
16:07:17,7 routes.courses - DEBUG - not valid delete course schema --> <starlette.responses.JSONResponse object at 0x0000018769F06110>
14:32:10,600 root - ERROR - 1052 (23000): Column 'id' in field list is ambiguous
18:15:13,499 helpers.setup_logger - DEBUG - mentor_earning called with ((), {'request': <starlette.requests.Request object at 0x0000020285C93290>}).
18:15:13,557 helpers.setup_logger - DEBUG - mentor_earning returned [{'name': 'abhishek', 'course_name': 'Master dsa', 'earning': 3000}, {'name': 'abhishek', 'course_name': 'Java script', 'earning': 32000}, {'name': 'abhishek', 'course_name': 'clean code', 'earning': 3000}, {'name': 'abhishek', 'course_name': 'Python', 'earning': 1500}, {'name': 'abhishek', 'course_name': 'dsa master', 'earning': 0}, {'name': 'abhishek', 'course_name': 'dsa ', 'earning': 0}].
18:15:15,818 helpers.setup_logger - DEBUG - mentor_earning called with ((), {'request': <starlette.requests.Request object at 0x0000020286019C10>}).
18:15:15,870 helpers.setup_logger - DEBUG - mentor_earning returned [{'name': 'abhishek', 'course_name': 'Master dsa', 'earning': 3000}, {'name': 'abhishek', 'course_name': 'Java script', 'earning': 32000}, {'name': 'abhishek', 'course_name': 'clean code', 'earning': 3000}, {'name': 'abhishek', 'course_name': 'Python', 'earning': 1500}, {'name': 'abhishek', 'course_name': 'dsa master', 'earning': 0}, {'name': 'abhishek', 'course_name': 'dsa ', 'earning': 0}].
09:53:43,989 helpers.setup_logger - DEBUG - mentor_earning called with ((), {'request': <starlette.requests.Request object at 0x00000285AAB53D90>}).
09:54:22,168 helpers.setup_logger - DEBUG - mentor_earning called with ((), {'request': <starlette.requests.Request object at 0x000002803B078F90>}).
09:54:38,240 helpers.setup_logger - DEBUG - mentor_earning called with ((), {'request': <starlette.requests.Request object at 0x000001A2A4FC8F90>}).
09:55:04,224 helpers.setup_logger - DEBUG - mentor_earning called with ((), {'request': <starlette.requests.Request object at 0x0000028880004150>}).
09:55:04,240 helpers.handle_error_decorator - DEBUG - Error Occurred: mentor_earning Method Error: Traceback (most recent call last):
  File "C:\coding\WG\Online_Learning_System - Fast\src\helpers\jwt_helpers.py", line 19, in extract_token_data
    payload = jwt.decode(token, SECRET_KEY, algorithms=[ALGORTIHM])
              ^^^^^^^^^^^^^^^^^^^^^^^^^^^^^^^^^^^^^^^^^^^^^^^^^^^^^
  File "C:\Users\anaugaraiya\.virtualenvs\Online_Learning_System_-_Fast-H9MtE_4s\Lib\site-packages\jose\jwt.py", line 157, in decode
    _validate_claims(
  File "C:\Users\anaugaraiya\.virtualenvs\Online_Learning_System_-_Fast-H9MtE_4s\Lib\site-packages\jose\jwt.py", line 481, in _validate_claims
    _validate_exp(claims, leeway=leeway)
  File "C:\Users\anaugaraiya\.virtualenvs\Online_Learning_System_-_Fast-H9MtE_4s\Lib\site-packages\jose\jwt.py", line 314, in _validate_exp
    raise ExpiredSignatureError("Signature has expired.")
jose.exceptions.ExpiredSignatureError: Signature has expired.

During handling of the above exception, another exception occurred:

Traceback (most recent call last):
  File "C:\coding\WG\Online_Learning_System - Fast\src\helpers\handle_error_decorator.py", line 75, in wrapper
    return_value = function(*args, **kwargs)
                   ^^^^^^^^^^^^^^^^^^^^^^^^^
  File "C:\coding\WG\Online_Learning_System - Fast\src\helpers\setup_logger.py", line 22, in wrapper
    val = fun(*args, **kwargs)
          ^^^^^^^^^^^^^^^^^^^^
  File "C:\coding\WG\Online_Learning_System - Fast\src\routes\mentors.py", line 39, in mentor_earning
    jwt_token_data = extract_token_data(request)
                     ^^^^^^^^^^^^^^^^^^^^^^^^^^^
  File "C:\coding\WG\Online_Learning_System - Fast\src\helpers\jwt_helpers.py", line 29, in extract_token_data
    raise HTTPException(status_code=404, detail=str(error))
fastapi.exceptions.HTTPException

09:55:04,240 helpers.handle_error_decorator - ERROR - Error Occurred: mentor_earning Method Error: 
09:55:40,105 helpers.setup_logger - DEBUG - mentor_earning called with ((), {'request': <starlette.requests.Request object at 0x00000235E0C53E90>}).
09:55:40,127 helpers.handle_error_decorator - DEBUG - Error Occurred: mentor_earning Method Error: Traceback (most recent call last):
  File "C:\coding\WG\Online_Learning_System - Fast\src\helpers\jwt_helpers.py", line 19, in extract_token_data
    payload = jwt.decode(token, SECRET_KEY, algorithms=[ALGORTIHM])
              ^^^^^^^^^^^^^^^^^^^^^^^^^^^^^^^^^^^^^^^^^^^^^^^^^^^^^
  File "C:\Users\anaugaraiya\.virtualenvs\Online_Learning_System_-_Fast-H9MtE_4s\Lib\site-packages\jose\jwt.py", line 157, in decode
    _validate_claims(
  File "C:\Users\anaugaraiya\.virtualenvs\Online_Learning_System_-_Fast-H9MtE_4s\Lib\site-packages\jose\jwt.py", line 481, in _validate_claims
    _validate_exp(claims, leeway=leeway)
  File "C:\Users\anaugaraiya\.virtualenvs\Online_Learning_System_-_Fast-H9MtE_4s\Lib\site-packages\jose\jwt.py", line 314, in _validate_exp
    raise ExpiredSignatureError("Signature has expired.")
jose.exceptions.ExpiredSignatureError: Signature has expired.

During handling of the above exception, another exception occurred:

Traceback (most recent call last):
  File "C:\coding\WG\Online_Learning_System - Fast\src\helpers\handle_error_decorator.py", line 75, in wrapper
    return_value = function(*args, **kwargs)
                   ^^^^^^^^^^^^^^^^^^^^^^^^^
  File "C:\coding\WG\Online_Learning_System - Fast\src\helpers\setup_logger.py", line 22, in wrapper
    val = fun(*args, **kwargs)
          ^^^^^^^^^^^^^^^^^^^^
  File "C:\coding\WG\Online_Learning_System - Fast\src\routes\mentors.py", line 39, in mentor_earning
    jwt_token_data = extract_token_data(request)
                     ^^^^^^^^^^^^^^^^^^^^^^^^^^^
  File "C:\coding\WG\Online_Learning_System - Fast\src\helpers\jwt_helpers.py", line 29, in extract_token_data
    raise HTTPException(status_code=404, detail=str(error))
fastapi.exceptions.HTTPException

09:55:40,127 helpers.handle_error_decorator - ERROR - Error Occurred: mentor_earning Method Error: 
09:56:26,390 helpers.setup_logger - DEBUG - mentor_earning called with ((), {'request': <starlette.requests.Request object at 0x00000235E0C19490>}).
09:56:26,514 helpers.setup_logger - DEBUG - mentor_earning returned [{'name': 'abhishek', 'course_name': 'Master dsa', 'earning': 3000}, {'name': 'abhishek', 'course_name': 'Java script', 'earning': 32000}, {'name': 'abhishek', 'course_name': 'clean code', 'earning': 3000}, {'name': 'abhishek', 'course_name': 'Python', 'earning': 1500}, {'name': 'abhishek', 'course_name': 'dsa master', 'earning': 0}, {'name': 'abhishek', 'course_name': 'dsa ', 'earning': 0}].
09:56:40,671 helpers.setup_logger - DEBUG - mentor_earning called with ((), {'request': <starlette.requests.Request object at 0x00000235E0CA5790>}).
09:56:40,774 helpers.setup_logger - DEBUG - mentor_earning returned [{'name': 'abhishek', 'course_name': 'Master dsa', 'earning': 3000}, {'name': 'abhishek', 'course_name': 'Java script', 'earning': 32000}, {'name': 'abhishek', 'course_name': 'clean code', 'earning': 3000}, {'name': 'abhishek', 'course_name': 'dsa master', 'earning': 0}, {'name': 'abhishek', 'course_name': 'dsa ', 'earning': 0}].
10:01:31,442 helpers.setup_logger - DEBUG - get_courses called with ((), {'request': <starlette.requests.Request object at 0x0000020925B0F8D0>}).
10:01:31,450 helpers.setup_logger - DEBUG - get_courses returned [{'name': 'Java script', 'duration (in hrs.)': 20, 'price': 2000, 'rating (in Rs.)': 4.77}, {'name': 'clean code', 'duration (in hrs.)': 12, 'price': 1000, 'rating (in Rs.)': 4.75}, {'name': 'Python', 'duration (in hrs.)': 36, 'price': 1500, 'rating (in Rs.)': 0.0}].
